215:> Task :lib-tts:compileReleaseKotlin FAILED
216:e: file:///home/runner/work/tts-server-android/tts-server-android/lib-tts/src/main/java/com/github/jing332/tts/synthesizer/AbstractMixSynthesizer.kt:187:32 Unresolved reference 'size'.
221:FAILURE: Build failed with an exception.
224:Execution failed for task ':lib-tts:compileReleaseKotlin'.
266:Caused by: org.gradle.workers.internal.DefaultWorkerExecutor$WorkExecutionException: A failure occurred while executing org.jetbrains.kotlin.compilerRunner.GradleCompilerRunnerWithWorkers$GradleKotlinCompilerWorkAction
395:Caused by: org.jetbrains.kotlin.gradle.tasks.CompilationErrorException: Compilation error. See log for more details
==== 日志行数：429 ====
